{
    "failures": [
        {
            "type": "connector",
            "connector": "s3-source",
            "state": "FAILED",
            "worker_id": "my.worker.name:8083"
        },
        {
            "type": "task",
            "connector": "s3-source",
            "id": 3,
            "state": "FAILED",
            "worker_id": "my.worker.name:8083",
            "trace": null
        },
        {
            "type": "task",
            "connector": "s3-sink",
            "id": 2,
            "state": "FAILED",
            "worker_id": "my.worker.name:8083",
            "trace": null
        }
    ],
    "failure_states": [
        "FAILED"
    ],
    "failure_rate": 0.3,
    "failure_threshold": 0.0,
    "healthy": false
}
