{
    "failures": [
        {
            "type": "task",
            "connector": "s3-sink",
            "id": 2,
            "state": "FAILED",
            "worker_id": "my.worker.name:8083",
            "trace": "trace message here"
        }
    ],
    "failure_states": [
        "FAILED"
    ],
    "failure_rate": 0.3333333333333333,
    "failure_threshold": 0.0,
    "healthy": false
}
