{
    "failures": [
        {
            "type": "broker",
            "connector": "s3-sink"
        }
    ],
    "failure_states": [
        "FAILED"
    ],
    "failure_rate": 0.0,
    "failure_threshold": 0.0,
    "healthy": false
}
