{
    "failures": [],
    "failure_states": [
        "FAILED"
    ],
    "healthy": true
}
